1
2
3
4
5
6
7
8
9
10
100
1
1
2
2
3
3
4
4
5
1
2
1
4
2
6
3
8
4
10
2
3
1
6
2
9
3
12
4
15
3
4
1
8
2
12
3
16
4
20
4
5
1
10
2
15
3
20
4
25
