10
10
9
10
8
10
7
10
6
10
5
0
4
0
3
0
2
0
1
0
0
0
