100
99
96
91
84
75
64
51
36
19
25
20
15
10
5
20
16
12
8
4
15
12
9
6
3
10
8
6
4
2
5
4
3
2
1
0
