-1
0
30
10
20
200
560
30
16800
8470
100
200
20000
5300
400
2120000
82600
